[  5%] Built target contract_tests
[  8%] Building CXX object CMakeFiles/life_core.dir/src/life/mind.cpp.o
[ 14%] Built target examples
[ 17%] Building CXX object CMakeFiles/life_core.dir/src/life/world.cpp.o
[ 20%] Building CXX object CMakeFiles/life_core.dir/src/life/executor.cpp.o
[ 22%] Building CXX object CMakeFiles/life_core.dir/src/life/generation.cpp.o
[ 25%] Building CXX object CMakeFiles/life_core.dir/src/life/validation.cpp.o
[ 28%] Building CXX object CMakeFiles/life_core.dir/src/life/persistence.cpp.o
[ 31%] Building CXX object CMakeFiles/life_core.dir/src/life/cognition.cpp.o
[ 34%] Building CXX object CMakeFiles/life_core.dir/src/life/cognitive_world.cpp.o
[ 37%] Building CXX object CMakeFiles/life_core.dir/src/life/worker.cpp.o
[ 40%] Building CXX object CMakeFiles/life_core.dir/src/life/social.cpp.o
[ 42%] Building CXX object CMakeFiles/life_core.dir/src/life/social_world.cpp.o
[ 45%] Building CXX object CMakeFiles/life_core.dir/src/life/social_diagnostics.cpp.o
[ 48%] Building CXX object CMakeFiles/life_core.dir/src/life/community_world.cpp.o
[ 51%] Linking CXX static library liblife_core.a
[ 60%] Built target life_core
[ 62%] Building CXX object CMakeFiles/life_sim.dir/app/main.cpp.o
[ 65%] Building CXX object CMakeFiles/life_tests.dir/tests/test_cognition.cpp.o
[ 68%] Linking CXX executable life_sim
[ 68%] Built target life_sim
[ 71%] Building CXX object CMakeFiles/cognitive_scenarios.dir/tools/cognitive_scenarios.cpp.o
[ 74%] Linking CXX executable cognitive_scenarios
[ 74%] Built target cognitive_scenarios
[ 77%] Building CXX object CMakeFiles/life_tests.dir/tests/test_community.cpp.o
[ 80%] Building CXX object CMakeFiles/life_tests.dir/tests/test_mind.cpp.o
[ 82%] Building CXX object CMakeFiles/life_tests.dir/tests/test_social.cpp.o
[ 85%] Building CXX object CMakeFiles/life_tests.dir/tests/test_social_unit.cpp.o
[ 88%] Building CXX object CMakeFiles/life_tests.dir/tests/test_world.cpp.o
[ 91%] Linking CXX executable life_tests
[100%] Built target life_tests
