PASS conversation_has_nested_content
PASS autonomous_friendly_touch_survives_personal_romance_norm
PASS same_gender_contact_is_possible_in_neutral_profile
PASS own_finite_norm_changes_autonomous_choice
PASS receiver_refusal_prevents_contact_effect
PASS private_receiver_norm_not_leaked_in_requester_forecast
PASS real_pleasantness_can_disagree_with_expected_pleasantness
PASS nested_interaction_does_not_cancel_parent_conversation
PASS proposal_cannot_complete_before_receiver_thinks
PASS consent_scope_cannot_be_replaced_with_another_action
PASS withdrawal_before_answer_has_no_completed_effect
PASS stopped_parent_invalidates_pending_proposal
PASS process_pause_does_not_republish_old_result
PASS nested_save_before_answer_preserves_future
PASS nested_save_after_consent_preserves_future
PASS social_workers_preserve_exact_thoughts
PASS social_index_matches_reference
PASS social_logging_cannot_change_learning
PASS full_information_borrow_use_return_chain
PASS text_experience_unlocks_known_method_without_fake_practice
PASS information_answer_comes_from_personal_memory_not_world_truth
PASS uninvolved_actor_does_not_receive_private_object_information
PASS high_honesty_norm_blocks_false_status_claim_not_physics
PASS showing_previously_unknown_item_can_be_understood
PASS a_claim_is_a_report_not_a_change_in_ownership
PASS learning_item_use_does_not_reveal_hidden_owner
PASS response_holds_offer_and_known_method_in_shared_context
PASS interrupted_accepted_contact_keeps_partial_real_experience
PASS losing_item_during_read_does_not_teach_or_count_completion
PASS objective_item_unavailable_does_not_reveal_hidden_owner
PASS friendly_chosen_while_known_pleasant_romance_is_personally_rejected
PASS diagnostic_export_does_not_change_personal_knowledge
PASS book_can_teach_initially_unknown_content_without_scripted_unlock
PASS perceived_disapproval_affects_shame_without_automatic_global_reputation
RESULT 34 cases, 0 failures
