PASS budget_four_can_choose
PASS profile_has_four_jobs
PASS profile_has_six_leisure_variants
PASS community_is_real_serialized_state
PASS appearance_is_seeded
PASS initial_information_is_not_all_to_all
PASS community_costs_known_not_free
PASS message_does_not_transfer_before_completion
PASS heard_content_is_reported_not_world_truth
PASS group_listeners_receive_one_shared_utterance
PASS late_listener_cannot_hear_past_utterance
PASS lost_listener_parent_invalidates_delivery
PASS secret_cost_changes_autonomous_choice
PASS news_save_mid_speech_preserves_future
PASS community_worker_and_reference_equivalence
PASS community_logging_does_not_create_events
PASS known_kin_cost_is_finite_and_subjective
PASS stranger_romance_is_cost_not_physical_gate
PASS food_price_transfers_exactly_once
PASS paid_leisure_is_charged_on_entry_once
PASS qualification_not_unlocked_by_gossip_count
PASS study_teaches_content_not_gossip
PASS qualified_job_pays_higher_wage
PASS interrupted_work_keeps_earned_credit
PASS accounting_is_exclusive
PASS unknown_balance_not_in_other_opinion
PASS conversation_content_not_hidden_by_talk_destinations
PASS learning_preserves_known_weekend_living_reserve
PASS thirst_focus_retrieves_known_water_before_leisure_variants
PASS qualified_opportunity_survives_bounded_retrieval
PASS many_claims_do_not_hide_other_social_ways_in_planner
PASS failed_job_attempt_does_not_count_as_work
PASS spending_policy_reserves_weekend_food_and_rent
PASS bad_serialized_economy_rejected
PASS bad_serialized_memory_rejected
RESULT 35 cases, 0 failures
