-- Configuring done (0.0s)
-- Generating done (0.0s)
-- Build files have been written to: /mnt/data/work_010/my_life_deviation/build
[  5%] Built target contract_tests
[  8%] Building CXX object CMakeFiles/life_core.dir/src/life/world.cpp.o
[ 13%] Built target examples
[ 16%] Building CXX object CMakeFiles/life_core.dir/src/life/executor.cpp.o
[ 18%] Building CXX object CMakeFiles/life_core.dir/src/life/generation.cpp.o
[ 21%] Building CXX object CMakeFiles/life_core.dir/src/life/validation.cpp.o
[ 24%] Building CXX object CMakeFiles/life_core.dir/src/life/persistence.cpp.o
[ 27%] Building CXX object CMakeFiles/life_core.dir/src/life/cognition.cpp.o
[ 29%] Building CXX object CMakeFiles/life_core.dir/src/life/cognitive_world.cpp.o
[ 32%] Building CXX object CMakeFiles/life_core.dir/src/life/worker.cpp.o
[ 35%] Building CXX object CMakeFiles/life_core.dir/src/life/social_world.cpp.o
[ 37%] Building CXX object CMakeFiles/life_core.dir/src/life/social_diagnostics.cpp.o
[ 40%] Building CXX object CMakeFiles/life_core.dir/src/life/community_world.cpp.o
[ 43%] Linking CXX static library liblife_core.a
[ 56%] Built target life_core
[ 59%] Building CXX object CMakeFiles/life_sim.dir/app/main.cpp.o
[ 62%] Building CXX object CMakeFiles/life_tests.dir/tests/test_cognition.cpp.o
[ 64%] Linking CXX executable life_sim
[ 64%] Built target life_sim
[ 67%] Building CXX object CMakeFiles/cognitive_scenarios.dir/tools/cognitive_scenarios.cpp.o
[ 70%] Linking CXX executable cognitive_scenarios
[ 70%] Built target cognitive_scenarios
[ 72%] Building CXX object CMakeFiles/community_scenarios.dir/tools/community_scenarios.cpp.o
[ 75%] Building CXX object CMakeFiles/life_tests.dir/tests/test_community.cpp.o
[ 78%] Linking CXX executable community_scenarios
[ 78%] Built target community_scenarios
[ 81%] Building CXX object CMakeFiles/life_tests.dir/tests/test_social.cpp.o
[ 83%] Building CXX object CMakeFiles/life_tests.dir/tests/test_social_unit.cpp.o
[ 86%] Building CXX object CMakeFiles/life_tests.dir/tests/test_world.cpp.o
[ 89%] Linking CXX executable life_tests
[100%] Built target life_tests
