[  2%] Built target contract_tests
[  4%] Building CXX object CMakeFiles/life_core.dir/src/life/civil.cpp.o
[  7%] Built target examples
[  8%] Building CXX object CMakeFiles/life_core.dir/src/life/mind.cpp.o
[  9%] Building CXX object CMakeFiles/life_core.dir/src/life/cognitive_world.cpp.o
[ 11%] Linking CXX static library liblife_core.a
[ 53%] Built target life_core
[ 54%] Building CXX object CMakeFiles/life_tests.dir/tests/test_civil_social.cpp.o
[ 56%] Linking CXX executable life_sim
[ 57%] Built target life_sim
[ 59%] Linking CXX executable cognitive_scenarios
[ 60%] Built target cognitive_scenarios
[ 61%] Linking CXX executable community_scenarios
[ 63%] Built target community_scenarios
[ 64%] Linking CXX executable self_behavior_scenario
[ 66%] Built target self_behavior_scenario
[ 67%] Linking CXX executable diagnose_actor
[ 69%] Built target diagnose_actor
[ 70%] Building CXX object CMakeFiles/life_tests.dir/tests/test_civil_unit.cpp.o
[ 71%] Linking CXX executable life_tests
[100%] Built target life_tests
