Internal ctest changing into directory: /mnt/data/recovery13_asan
Test project /mnt/data/recovery13_asan
      Start  1: numeric
 1/26 Test  #1: numeric ..........................   Passed    0.08 sec
      Start  2: seed
 2/26 Test  #2: seed .............................   Passed    0.10 sec
      Start  3: mind
 3/26 Test  #3: mind .............................   Passed    0.09 sec
      Start  4: cli_invalid_argument
 4/26 Test  #4: cli_invalid_argument .............   Passed    0.06 sec
      Start  5: cli_smoke
 5/26 Test  #5: cli_smoke ........................   Passed    0.25 sec
      Start  6: cognition_world
 6/26 Test  #6: cognition_world ..................   Passed    3.51 sec
      Start  7: social_world
 7/26 Test  #7: social_world .....................   Passed    7.27 sec
      Start  8: social_contracts
 8/26 Test  #8: social_contracts .................   Passed    0.08 sec
      Start  9: community
 9/26 Test  #9: community ........................   Passed    3.40 sec
      Start 10: community_unit
10/26 Test #10: community_unit ...................   Passed    0.05 sec
      Start 11: life11
11/26 Test #11: life11 ...........................   Passed   31.26 sec
      Start 12: projects
12/26 Test #12: projects .........................   Passed    0.07 sec
      Start 13: life_contracts
13/26 Test #13: life_contracts ...................   Passed    0.06 sec
      Start 14: self_model
14/26 Test #14: self_model .......................   Passed    0.06 sec
      Start 15: self_runtime
15/26 Test #15: self_runtime .....................   Passed    2.65 sec
      Start 16: adaptive
16/26 Test #16: adaptive .........................   Passed    1.00 sec
      Start 17: self_behavior
17/26 Test #17: self_behavior ....................   Passed    0.07 sec
      Start 18: career
18/26 Test #18: career ...........................   Passed    0.05 sec
      Start 19: career_runtime
19/26 Test #19: career_runtime ...................   Passed   13.97 sec
      Start 20: resources
20/26 Test #20: resources ........................   Passed    0.06 sec
      Start 21: civil_unit
21/26 Test #21: civil_unit .......................   Passed    0.05 sec
      Start 22: civil_world
22/26 Test #22: civil_world ......................   Passed    0.46 sec
      Start 23: phone
23/26 Test #23: phone ............................   Passed    1.46 sec
      Start 24: civil_social
24/26 Test #24: civil_social .....................   Passed    0.49 sec
      Start 25: cognition_contracts
25/26 Test #25: cognition_contracts ..............   Passed    0.01 sec
      Start 26: numerical_examples
26/26 Test #26: numerical_examples ...............   Passed    0.00 sec

100% tests passed, 0 tests failed out of 26

Total Test time (real) =  66.63 sec
