PASS executor_cannot_directly_change_self
PASS forecast_never_updates_self_or_history
PASS hidden_outcome_is_not_self_knowledge
PASS outcome_uses_two_paid_cognitive_operations
PASS gate_closed_cannot_update_self
PASS inbox_is_bounded_and_prioritizes_important_evidence
PASS same_visible_result_different_attributions
PASS save_restore_mid_interpretation_and_attribution
PASS workers_and_diagnostics_cannot_change_result
PASS history_initializes_beliefs_from_evidence_not_random_traits
PASS appraisal_links_self_to_body_without_writing_biology
PASS external_obstacle_not_hidden_true_cause_drives_attribution
PASS pending_low_priority_outcomes_do_not_trigger_per_second_decisions
PASS delayed_recovery_keeps_original_domain
PASS completed_sleep_without_restoration_is_not_interpreted_as_success
PASS prospective_appraisal_uses_self_during_real_forecast
FAIL published_result_root_is_not_old_action_start: /mnt/data/self01_work/tests/test_self_runtime.cpp:123: s->root!=s->action
FAIL invalid_captured_self_prediction_is_rejected: /mnt/data/self01_work/tests/test_self_runtime.cpp:128: threw
FAIL meaningless_completed_action_is_not_observed_functioning: /mnt/data/self01_work/tests/test_self_runtime.cpp:134: w.state().actors[0].cog.observed_functioning==0
RESULT 19 cases, 3 failures
