PASS S01_preserved_body_signal
PASS S02_focused_sensation
PASS S03_peripheral_sensation
PASS S04_zero_signal_no_phantom_pain
PASS S05_fusion_example
PASS S06_missing_is_unknown
PASS S07_prior_is_not_observation
PASS S08_observed_zero_is_known
PASS S09_conflicting_reliable_evidence
PASS S10_same_source_not_double_weight
PASS S11_once_only_interpretation
PASS S19_same_evidence_id_inconsistent_payload_rejected
PASS A17_same_candidate_revision_inconsistent_payload_rejected
PASS S12_nonfinite_rejected
PASS S13_semantic_hysteresis
PASS S14_rules_unknown_not_false
PASS S15_rules_conflict_preserved
PASS S16_known_refutation_blocks_rule
PASS S17_no_learning_unobserved
PASS S18_negative_from_zero_learned
PASS A01_priority_existing_coefficients
PASS A02_capacity_not_split_between_modules
PASS A03_focus_minimum_hold
PASS A04_equal_margin_not_switch
PASS A05_detected_emergency_bypasses_hold
PASS A06_same_emergency_not_restarts_switch
PASS A07_normal_candidate_waits_rebuild
PASS A08_switch_duration
PASS A09_operation_budget_and_time
PASS A10_no_idle_or_sleep_credit
PASS A11_feature_work
PASS A12_exposure_split_same_threshold
PASS A13_queue_order_independent
PASS A14_expired_removed
PASS A15_duplicate_revision_not_inflates_queue
PASS A16_superseded_candidate_version_ignored
PASS A18_emergency_overflow_prefers_urgency
PASS N01_shame_example
PASS N02_private_norm_without_audience
PASS N03_exception_removes_own_conflict
PASS N04_observer_disapproval_without_own_acceptance
PASS N05_shame_evolves_in_logical_time
PASS N06_subjective_sanction
PASS N07_duplicate_norm_group_max
PASS V01_negative_expected_effect_preserved
PASS V02_duplicate_reward_rejected
PASS V03_reward_delay
PASS V04_future_not_current_need
PASS V05_flow_partition_invariant
PASS V06_zero_discount_flow
PASS V07_tail_beyond_horizon_not_silent
PASS V08_probability_branches_complete
PASS V09_pause_can_beat_continue
PASS V10_goal_satisfied_abandon_can_win
PASS V11_unknown_not_free_reward
PASS V12_overlapping_same_cost_rejected
PASS V13_sign_squash
PASS V14_per_time_discount_not_per_step
PASS Q01_wall_quota_does_not_change_result
PASS Q02_one_two_four_workers_same
PASS Q03_barrier_not_publish_partial_results
PASS Q04_no_early_completion
PASS Q05_stale_personal_snapshot_discarded
PASS Q06_other_actors_private_update_no_telepathy
PASS Q07_same_timestamp_observation_precedes_commit
PASS Q08_one_active_operation_per_actor
PASS Q09_invalid_wall_budget_rejected
PASS Q10_snapshot_copy_resume_at_barrier
PASS F01_random_bounds_2000_inputs
TOTAL 69 passed; 0 failed
