PASS body_loses_water
PASS body_food_rate
PASS zero_time_exact
PASS invalid_time_and_nan
PASS sleeping_restores_sleep_not_food
PASS lack_of_oxygen_limits_cognition
PASS zero_signal_no_hallucination
PASS cognition_does_not_rewrite_baseline
PASS sleep_has_no_conscious_budget
PASS pleasant_familiar_activity
PASS bad_experience_never_becomes_pleasant
PASS saturation_constant_input_split
PASS habituation_recovers
PASS desire_accumulates_and_saturates
PASS desire_result_once_even_out_of_order
PASS desire_trigger_without_satisfaction
PASS desire_does_not_damage_body
PASS desire_constant_dr_split
PASS appraisal_needs_cause
PASS affect_expires_not_instantly_erased
PASS affect_duplicate_cause_does_not_sum
PASS attention_switch_not_restart
PASS desire_not_emergency_attention
PASS sha256_known_vectors
PASS key_matches_python
PASS independent_keyed_draws
PASS rejection_and_open_uniform
PASS association_learns_without_causal_thinking
PASS no_consciousness_no_association
PASS primary_result_not_copied_to_other_channels
PASS episode_not_replayed
PASS primary_zero_extinguishes_acquired_response
PASS weights_use_joint_error
PASS learning_respects_caps
PASS sexual_channel_needs_own_primary_result
PASS missing_factor_is_not_observed_absence
PASS empty_context_not_perfect_causal_comparison
PASS unknown_replacement_not_zero
PASS dependency_numeric_example
PASS finite_taboo_and_deduplicated_aspects
PASS subjective_sanction_example
PASS norm_changes_only_with_new_basis
PASS duplicate_rumor_known_and_unknown_origins
PASS knowledge_requires_content_and_prerequisites
PASS budget_is_shared
PASS planner_uses_only_personal_view
PASS full_resource_prevents_useless_consumption
PASS prepared_effects_equal_reference
PASS same_seed_same_initial_world
PASS hundred_seeds_social_constraints
PASS invalid_population_rejected
PASS full_institutions_not_silently_enabled
PASS reference_and_indexed_visibility
PASS hidden_stock_does_not_change_personal_decision
PASS consumption_does_not_charge_money
PASS competition_for_last_unit
PASS desire_satisfaction_requires_completed_action
PASS split_advance_same_state
PASS indexed_and_full_scan_same_simulation
PASS save_resume_exact
PASS damaged_save_rejected
PASS day_has_actual_actions
PASS waiting_person_can_accept_contact
PASS refusal_does_not_immediately_repeat_same_method
PASS rest_learning_uses_experienced_result
PASS interrupted_talk_stops_both_participants
PASS acquiring_food_is_not_nutritional_experience
PASS trace_does_not_change_state
PASS cancelled_desire_action_does_not_satisfy
PASS finite_norm_changes_take_decision
PASS expired_retry_does_not_turn_false_fact_true
PASS unavailable_food_does_not_prevent_accessible_water
PASS real_thoughts_are_published_after_logical_work
PASS interpretation_exact_numeric_example
PASS contradictory_interpretation_is_not_average
PASS repeated_interpretation_does_not_reinforce_itself
PASS signed_forecast_reduces_action_value
PASS candidate_top32_reserves_emergency
PASS sleep_has_no_cognitive_credit
PASS serialized_mid_operation_has_same_future
PASS logger_is_observer_not_generator
PASS threaded_chunks_preserve_full_world
PASS no_forecast_learning_without_execution
PASS unknown_rule_does_not_create_named_assessment
PASS unknown_method_is_never_forecast
PASS thought_provenance_links_to_real_forecast
PASS observation_before_commit_makes_operation_stale
PASS changed_other_persons_private_state_is_not_telepathy
PASS hidden_remote_food_same_thoughts
PASS subsecond_split_calls_do_not_change_history
PASS variable_wall_frames_30_and_144_preserve_world
PASS no_early_completions_during_initial_rebuild
PASS per_episode_budget_is_not_reset_by_notifications
PASS candidate_expiration_does_not_keep_sensory_focus
PASS negative_previous_q_zero_is_trainable
PASS duplicate_actual_episode_not_reinforced
PASS no_automatic_person_identification
PASS save_rejects_corrupt_cognitive_work
PASS focus_does_not_destroy_travel
PASS method_forecast_can_value_delayed_income
PASS forecast_reads_only_personal_snapshot_across_worker_counts
PASS invalid_worker_parameters_rejected
PASS actual_busy_reply_has_timed_subjective_interpretation
PASS same_busy_reply_different_interpretations
PASS forecast_refusal_not_recorded_as_actual_reply
PASS no_automatic_shame_from_hidden_audience
PASS workers_preserve_thought_content_and_times
PASS known_zero_reading_is_not_unknown
PASS no_evidence_stays_unknown
PASS strong_sleep_signal_does_not_wake_sleep
PASS obsolete_current_path_cannot_be_executed
PASS completed_thoughts_and_stale_attempts_accounted
PASS actual_satisfaction_invalidates_old_need_estimate
PASS forecast_text_has_russian_action_name
PASS observed_acceptance_updates_contact_without_fake_satisfaction
PASS idle_without_forecast_does_not_claim_an_invented_basis
PASS recognition_text_describes_recognized_person_not_an_action
PASS processing_speed_changes_logical_thought_latency
PASS forecast_trace_exposes_target_and_cost_components
RESULT 119 cases, 0 failures
