01: OK — Нейтральное исходное ожидание
02: OK — Семь исполнений из восьми
03: OK — Четыре возврата из четырёх
04: OK — Конечный опыт не гарантирует успех
05: OK — Разные тематические основания дают разные ожидания
06: OK — Смесь оценки сообщения
07: OK — Качество контакта
08: OK — Один эпизод сближения
09: OK — Двадцать независимых эпизодов
10: OK — Нет пластичности
11: OK — Нет воспринятого эпизода
12: OK — Нулевая доза
13: OK — Нет основания для изменения связи
14: OK — Разрыв может ослабить связь
15: OK — Расчёт сопротивления
16: OK — Непринятая норма
17: OK — Полное известное исключение
18: OK — Синонимы не суммируются
19: OK — Независимые аспекты
20: OK — Ограничение общей моральной цены
21: OK — Нет рассмотренных норм
22: OK — Условные вероятности санкции
23: OK — Честная частичная информация
24: OK — Ложь при сильной норме
25: OK — Ложь при слабой норме
26: OK — Изменение нормы меняет предпочтение
27: OK — Медленная переоценка нормы
28: OK — Без принятого нового основания норма не меняется
29: OK — Вклад затратной помощи
30: OK — Скорость получения признаков
31: OK — Время грубого признака
32: OK — Время подробного признака
33: OK — Сон отключает сознательное получение
34: OK — Нет чувственного доступа
35: OK — Время полного нейтрального бюджета
36: OK — Недопустимый диапазон отклоняется
37: OK — Нулевая сила исходного ожидания отклоняется
38: OK — 2000 наборов: границы и монотонность
Итого: 38 проверок. Только формулы, не ядро игры.
