PASS body_loses_water
PASS body_food_rate
PASS zero_time_exact
PASS invalid_time_and_nan
PASS sleeping_restores_sleep_not_food
PASS lack_of_oxygen_limits_cognition
PASS zero_signal_no_hallucination
PASS cognition_does_not_rewrite_baseline
PASS sleep_has_no_conscious_budget
PASS pleasant_familiar_activity
PASS bad_experience_never_becomes_pleasant
PASS saturation_constant_input_split
PASS habituation_recovers
PASS desire_accumulates_and_saturates
PASS desire_result_once_even_out_of_order
PASS desire_trigger_without_satisfaction
PASS desire_does_not_damage_body
PASS desire_constant_dr_split
PASS appraisal_needs_cause
PASS affect_expires_not_instantly_erased
PASS affect_duplicate_cause_does_not_sum
PASS attention_switch_not_restart
PASS desire_not_emergency_attention
PASS sha256_known_vectors
PASS key_matches_python
PASS independent_keyed_draws
PASS rejection_and_open_uniform
PASS association_learns_without_causal_thinking
PASS no_consciousness_no_association
PASS primary_result_not_copied_to_other_channels
PASS episode_not_replayed
PASS primary_zero_extinguishes_acquired_response
PASS weights_use_joint_error
PASS learning_respects_caps
PASS sexual_channel_needs_own_primary_result
PASS missing_factor_is_not_observed_absence
PASS empty_context_not_perfect_causal_comparison
PASS unknown_replacement_not_zero
PASS dependency_numeric_example
PASS finite_taboo_and_deduplicated_aspects
PASS subjective_sanction_example
PASS norm_changes_only_with_new_basis
PASS duplicate_rumor_known_and_unknown_origins
PASS knowledge_requires_content_and_prerequisites
PASS budget_is_shared
PASS planner_uses_only_personal_view
PASS full_resource_prevents_useless_consumption
PASS prepared_effects_equal_reference
PASS same_seed_same_initial_world
PASS hundred_seeds_social_constraints
PASS invalid_population_rejected
PASS full_institutions_not_silently_enabled
PASS reference_and_indexed_visibility
PASS hidden_stock_does_not_change_personal_decision
PASS consumption_does_not_charge_money
PASS competition_for_last_unit
PASS desire_satisfaction_requires_completed_action
PASS split_advance_same_state
PASS indexed_and_full_scan_same_simulation
PASS save_resume_exact
PASS damaged_save_rejected
PASS day_has_actual_actions
PASS waiting_person_can_accept_contact
PASS refusal_does_not_immediately_repeat_same_method
PASS rest_learning_uses_experienced_result
PASS interrupted_talk_stops_both_participants
PASS acquiring_food_is_not_nutritional_experience
PASS trace_does_not_change_state
PASS cancelled_desire_action_does_not_satisfy
PASS finite_norm_changes_take_decision
PASS expired_retry_does_not_turn_false_fact_true
PASS unavailable_food_does_not_prevent_accessible_water
PASS real_thoughts_are_published_after_logical_work
PASS interpretation_exact_numeric_example
PASS contradictory_interpretation_is_not_average
PASS repeated_interpretation_does_not_reinforce_itself
PASS signed_forecast_reduces_action_value
PASS candidate_top32_reserves_emergency
PASS sleep_has_no_cognitive_credit
PASS serialized_mid_operation_has_same_future
PASS logger_is_observer_not_generator
PASS threaded_chunks_preserve_full_world
PASS no_forecast_learning_without_execution
PASS unknown_rule_does_not_create_named_assessment
PASS unknown_method_is_never_forecast
PASS thought_provenance_links_to_real_forecast
PASS observation_before_commit_makes_operation_stale
PASS changed_other_persons_private_state_is_not_telepathy
PASS hidden_remote_food_same_thoughts
PASS subsecond_split_calls_do_not_change_history
PASS variable_wall_frames_30_and_144_preserve_world
PASS no_early_completions_during_initial_rebuild
PASS per_episode_budget_is_not_reset_by_notifications
PASS candidate_expiration_does_not_keep_sensory_focus
PASS negative_previous_q_zero_is_trainable
PASS duplicate_actual_episode_not_reinforced
PASS no_automatic_person_identification
PASS save_rejects_corrupt_cognitive_work
PASS focus_does_not_destroy_travel
PASS method_forecast_can_value_delayed_income
PASS forecast_reads_only_personal_snapshot_across_worker_counts
PASS invalid_worker_parameters_rejected
PASS actual_busy_reply_has_timed_subjective_interpretation
PASS same_busy_reply_different_interpretations
PASS forecast_refusal_not_recorded_as_actual_reply
PASS no_automatic_shame_from_hidden_audience
PASS workers_preserve_thought_content_and_times
PASS known_zero_reading_is_not_unknown
PASS no_evidence_stays_unknown
PASS strong_sleep_signal_does_not_wake_sleep
PASS obsolete_current_path_cannot_be_executed
PASS completed_thoughts_and_stale_attempts_accounted
PASS actual_satisfaction_invalidates_old_need_estimate
PASS forecast_text_has_russian_action_name
PASS observed_acceptance_updates_contact_without_fake_satisfaction
PASS idle_without_forecast_does_not_claim_an_invented_basis
PASS recognition_text_describes_recognized_person_not_an_action
PASS processing_speed_changes_logical_thought_latency
PASS forecast_trace_exposes_target_and_cost_components
PASS conversation_has_nested_content
PASS autonomous_friendly_touch_survives_personal_romance_norm
PASS same_gender_contact_is_possible_in_neutral_profile
PASS own_finite_norm_changes_autonomous_choice
PASS receiver_refusal_prevents_contact_effect
PASS private_receiver_norm_not_leaked_in_requester_forecast
PASS real_pleasantness_can_disagree_with_expected_pleasantness
PASS nested_interaction_does_not_cancel_parent_conversation
PASS proposal_cannot_complete_before_receiver_thinks
PASS consent_scope_cannot_be_replaced_with_another_action
PASS withdrawal_before_answer_has_no_completed_effect
PASS stopped_parent_invalidates_pending_proposal
PASS process_pause_does_not_republish_old_result
PASS nested_save_before_answer_preserves_future
PASS nested_save_after_consent_preserves_future
PASS social_workers_preserve_exact_thoughts
PASS social_index_matches_reference
PASS social_logging_cannot_change_learning
PASS full_information_borrow_use_return_chain
PASS text_experience_unlocks_known_method_without_fake_practice
PASS information_answer_comes_from_personal_memory_not_world_truth
PASS uninvolved_actor_does_not_receive_private_object_information
PASS high_honesty_norm_blocks_false_status_claim_not_physics
PASS showing_previously_unknown_item_can_be_understood
PASS a_claim_is_a_report_not_a_change_in_ownership
PASS learning_item_use_does_not_reveal_hidden_owner
PASS response_holds_offer_and_known_method_in_shared_context
PASS interrupted_accepted_contact_keeps_partial_real_experience
PASS losing_item_during_read_does_not_teach_or_count_completion
PASS objective_item_unavailable_does_not_reveal_hidden_owner
PASS friendly_chosen_while_known_pleasant_romance_is_personally_rejected
PASS diagnostic_export_does_not_change_personal_knowledge
PASS book_can_teach_initially_unknown_content_without_scripted_unlock
PASS perceived_disapproval_affects_shame_without_automatic_global_reputation
PASS knowing_reward_is_not_an_experienced_reward
PASS unknown_social_method_not_a_candidate
PASS pleasant_but_personally_disapproved_stays_pleasant_in_forecast
PASS no_universal_same_gender_prohibition
PASS friendly_is_not_romantic
PASS no_attraction_is_distinct_from_moral_penalty
PASS known_audience_changes_public_evaluation_only
PASS accept_is_not_completed_pleasure
PASS experienced_negative_result_teaches_from_zero
PASS repeated_result_not_a_second_experience
PASS refusal_context_not_spread_to_all_methods
PASS own_decline_is_not_the_others_rejection
PASS repeated_request_after_explicit_boundary_creates_pressure
PASS busy_does_not_create_personal_boundary
PASS later_attempt_does_not_erase_old_learning
PASS unknown_owner_stays_unknown_after_unknown_report
PASS ownership_is_reported_not_physically_certified
PASS contradictory_reports_preserve_both_sources
PASS repeat_report_same_source_not_duplicated
PASS agreement_updates_holder_without_changing_owner
PASS claimed_ownership_has_finite_honesty_cost
PASS truthful_showing_borrowed_item_is_not_lying
PASS status_motive_changes_item_value
PASS observed_disapproval_changes_status_prediction
PASS reading_teaches_content_not_actual_contact_reward
PASS unknown_object_not_given_free_plan
PASS unknown_gender_not_assigned_matching_norm
PASS malformed_social_values_rejected
PASS forecast_repetitions_do_not_modify_memory
PASS object_goal_can_make_question_valuable_without_social_deficit
PASS receiver_does_not_own_the_speakers_claim
PASS ordinary_conversation_considers_multiple_known_people
PASS own_promise_norm_changes_return_motivation
PASS observed_thing_is_not_proof_of_ownership
PASS canceled_delivery_does_not_learn_unobserved_pleasure
PASS object_use_forecast_changes_from_its_own_experience
PASS contextual_romantic_experience_is_not_multiplied_by_preference_twice
PASS property_norm_affects_lending_something_believed_owned_by_a_third_person
PASS budget_four_can_choose
PASS memory_half_life
PASS read_does_not_reinforce
PASS negative_memory_time_rejected
PASS delivery_idempotent
PASS late_delivery_not_time_reversal
PASS event_in_future_rejected
PASS detail_fades_before_gist
PASS forgetting_keeps_delivery_protection
PASS no_reputation_without_evidence
PASS job_evidence_changes_material_not_honesty
PASS walking_is_not_romance_or_badness
PASS private_information_finite_cost
PASS open_not_globally_known
PASS confidentiality_changes_price
PASS same_claim_not_independent_evidence
PASS source_forgetting_not_firsthand
PASS candidate_bound
PASS rehearsal_not_truth_update
PASS job_rates_increasing
PASS free_and_paid_recreation
PASS appearance_preferences_not_uniform
PASS profile_has_four_jobs
PASS profile_has_six_leisure_variants
PASS community_is_real_serialized_state
PASS appearance_is_seeded
PASS initial_information_is_not_all_to_all
PASS community_costs_known_not_free
PASS message_does_not_transfer_before_completion
PASS heard_content_is_reported_not_world_truth
PASS group_listeners_receive_one_shared_utterance
PASS late_listener_cannot_hear_past_utterance
PASS lost_listener_parent_invalidates_delivery
PASS secret_cost_changes_autonomous_choice
PASS news_save_mid_speech_preserves_future
PASS community_worker_and_reference_equivalence
PASS community_logging_does_not_create_events
PASS known_kin_cost_is_finite_and_subjective
PASS stranger_romance_is_cost_not_physical_gate
PASS food_price_transfers_exactly_once
PASS paid_leisure_is_charged_on_entry_once
PASS qualification_not_unlocked_by_gossip_count
PASS study_teaches_content_not_gossip
PASS qualified_job_pays_higher_wage
PASS interrupted_work_keeps_earned_credit
PASS accounting_is_exclusive
PASS unknown_balance_not_in_other_opinion
PASS conversation_content_not_hidden_by_talk_destinations
PASS memory_payload_invalid_rejected
PASS learning_preserves_known_weekend_living_reserve
PASS thirst_focus_retrieves_known_water_before_leisure_variants
PASS study_thought_has_russian_localization
PASS qualified_opportunity_survives_bounded_retrieval
PASS many_news_do_not_erase_known_discussion
PASS many_claims_do_not_hide_other_social_ways_in_planner
PASS appearance_preference_invalid_rejected
PASS failed_job_attempt_does_not_count_as_work
PASS spending_policy_reserves_weekend_food_and_rent
PASS remembered_dishonesty_changes_disclosure_risk
PASS bad_serialized_economy_rejected
PASS bad_serialized_memory_rejected
PASS failed_focused_plan_does_not_starve_other_urgent_topics
probe water=0.428138 place=2 money=231.348
PASS seed7_available_water_does_not_lose_to_failed_sleep_forecast
PASS familiarity_forecast_reads_current_owned_relation
PASS new_profile_contains_known_procedures_and_work_contracts
PASS acquaintance_is_directed_grounded_and_idempotent
PASS search_uses_known_places_without_target_telepathy
PASS conversation_keeps_the_work_action_and_its_progress
PASS sleeping_person_cannot_be_talked_into_a_parallel_task
PASS critical_thirst_is_not_displaced_by_a_long_term_work_project
PASS search_procedure_can_attend_and_recognize_a_real_person
PASS a_missed_shift_does_not_count_as_a_completed_goal
PASS partner_intimacy_needs_consent_and_applies_once_only_after_completion
PASS withdrawal_does_not_grant_a_full_intimate_result
PASS public_place_is_not_a_valid_private_intimacy_location
PASS invitation_communicates_an_address_but_not_sexual_consent
PASS current_refusal_prevents_intimacy_despite_close_relationship
PASS private_intimacy_cannot_overlap_work
PASS waiting_projects_and_parallel_channels_survive_restore
PASS supervisor_request_does_not_directly_change_the_employees_action
PASS hidden_partner_mind_is_not_in_the_project_snapshot
PASS parallelism_does_not_add_extra_hours_to_the_primary_day
PASS worker_snapshot_contains_unique_bounded_project_records
PASS only_a_real_completed_procedure_updates_its_success_count
PASS an_empty_procedure_memory_cannot_invent_a_social_plan
PASS an_addressed_goal_executes_the_whole_known_social_procedure
PASS synchronized_walking_preserves_a_parallel_conversation
PASS workers_reference_and_logs_preserve_new_profile_decisions
PASS an_accepted_joint_activity_survives_save_restore
PASS payroll_and_goals_survive_mid_shift_restore
PASS pure_snapshots_do_not_consult_hidden_partner_desire
PASS normal_week_keeps_a_progressing_event_queue
PASS late_arrival_to_work_cannot_schedule_an_event_in_the_past
PASS a_known_appointment_overlap_is_not_silently_accepted
PASS several_critical_body_signals_do_not_hide_water_behind_fear
PASS project_terminal_forecast_is_not_discounted_twice
PASS proposal_is_persistent_not_an_atomic_action
PASS repeated_thought_does_not_duplicate_goal
PASS unknown_procedure_is_not_invented
PASS not_before_is_respected
PASS paused_project_resumes_without_restarting
PASS a_replayed_result_is_not_a_second_step
PASS refusal_delays_instead_of_forcing_another_try
PASS expired_goal_cannot_resume
PASS abandoned_goal_cannot_resume
PASS unknown_person_is_a_valid_search_goal
PASS the_address_is_required_for_a_specific_meeting
PASS delayed_reward_can_outweigh_an_immediate_one
PASS discount_changes_future_not_current_reward
PASS bad_numbers_cannot_create_a_goal
PASS individual_thresholds_produce_different_activation
PASS hysteresis_prevents_threshold_chatter
PASS satiation_lowers_predicted_gain_without_moral_penalty
PASS serialized_project_keeps_deadline_cursor_and_delay
PASS work_and_talk_share_resources_with_a_cost
PASS sleep_cannot_run_with_conversation
PASS walking_and_talking_are_compatible
PASS two_simultaneous_speaking_activities_are_not_allowed
PASS negative_or_nan_resource_load_is_rejected
PASS workday_is_an_eight_hour_known_window
PASS supervisor_request_changes_a_motive_not_an_action
PASS stranger_does_not_gain_supervisor_authority
PASS work_contribution_is_idempotent
PASS one_employee_cannot_raise_everyones_wage_alone
PASS collective_contribution_eventually_raises_everyones_wage
PASS repeated_payroll_cannot_create_money
PASS invalid_work_contribution_is_rejected
PASS neutral_without_experience
PASS self_attributed_success_increases_efficacy
PASS luck_attributed_success_barely_changes_efficacy
PASS external_failure_does_not_destroy_efficacy
PASS failure_without_recovery_does_not_fake_coping
PASS failure_can_increase_coping_after_observed_recovery
PASS early_or_unobserved_recovery_is_rejected
PASS forecast_and_unperceived_episode_never_update_self
PASS duplicate_source_not_reinforced_even_with_new_episode_id
PASS retired_source_cannot_reinforce_after_hot_cache_rotates
PASS domain_specificity_and_weak_generalization
PASS acceptance_is_separate_from_success
PASS known_control_can_survive_failure
PASS tolerance_requires_remembered_uncertainty
PASS same_failure_different_recovery
PASS invalid_inputs_fail_before_mutating_any_belief
PASS self_model_roundtrip_and_bounded_provenance
PASS diagnostics_do_not_change_learning
PASS old_unseen_source_rejection_is_transactional
PASS calm_without_functioning_does_not_fake_recovery
PASS unseen_retired_root_cannot_invent_recovery
PASS recovery_cannot_change_unrelated_domain
PASS recovery_requires_elapsed_real_timestamp
PASS executor_cannot_directly_change_self
PASS forecast_never_updates_self_or_history
PASS hidden_outcome_is_not_self_knowledge
PASS outcome_uses_two_paid_cognitive_operations
PASS gate_closed_cannot_update_self
PASS inbox_is_bounded_and_prioritizes_important_evidence
PASS same_visible_result_different_attributions
PASS save_restore_mid_interpretation_and_attribution
PASS workers_and_diagnostics_cannot_change_result
PASS history_initializes_beliefs_from_evidence_not_random_traits
PASS appraisal_links_self_to_body_without_writing_biology
PASS external_obstacle_not_hidden_true_cause_drives_attribution
PASS pending_low_priority_outcomes_do_not_trigger_per_second_decisions
PASS delayed_recovery_keeps_original_domain
PASS completed_sleep_without_restoration_is_not_interpreted_as_success
PASS prospective_appraisal_uses_self_during_real_forecast
PASS published_result_root_is_not_old_action_start
PASS invalid_captured_self_prediction_is_rejected
PASS meaningless_completed_action_is_not_observed_functioning
PASS recovery_requires_later_observed_functioning_and_restores_mid_recovery
PASS redelivery_of_one_social_result_is_one_self_source
PASS talk_requires_an_observed_local_addressee
PASS known_buy_eat_chain_keeps_future_food_value
PASS money_urgency_does_not_allow_worse_work_interrupt
PASS emergency_interrupt_must_address_that_emergency
PASS new_better_information_can_change_intention
PASS known_sleep_prerequisite_resolves_hunger_before_retrying_sleep
PASS unaffordable_food_does_not_make_starvation_sleep_possible
PASS completed_search_does_not_reuse_unchanged_location_as_new_lead
PASS return_obligation_can_direct_paid_recognition_after_item_use
PASS partial_salary_preserves_other_job_terms
PASS duplicate_same_salary_is_not_new_decision_basis
PASS higher_wage_without_vacancy_means_inquiry_not_hired
PASS lower_net_value_retains_current_work
PASS complete_known_offer_can_be_applied_to
PASS new_information_reopens_only_related_question
PASS missing_qualification_has_real_deferred_benefit_cost
PASS low_cash_and_sufficient_actual_job_capacity
PASS observed_fact_not_hidden_vacancy_reopens_question
PASS unemployed_applies_and_receives_real_employment
PASS full_vacancy_cannot_create_phantom_hire
PASS same_salary_restatement_does_not_repeat_reviews
PASS career_review_consumes_cognition_and_keeps_current_action
PASS save_restore_mid_career_review
PASS knowledge_message_only_inquiry_is_not_employment
PASS new_salary_information_changes_actual_employment_not_hidden_world
RESULT 387 cases, 0 failures
