Internal ctest changing into directory: /mnt/data/recovery13_build
Test project /mnt/data/recovery13_build
      Start 16: life11_long
      Start 12: community_long
      Start  4: world
 1/29 Test  #4: world ............................   Passed    5.74 sec
      Start 13: life11
 2/29 Test #13: life11 ...........................   Passed    2.69 sec
      Start 22: career_runtime
 3/29 Test #22: career_runtime ...................   Passed    1.31 sec
      Start  8: social_world
 4/29 Test  #8: social_world .....................   Passed    0.46 sec
      Start 18: self_runtime
 5/29 Test #18: self_runtime .....................   Passed    0.23 sec
      Start  7: cognition_world
 6/29 Test  #7: cognition_world ..................   Passed    0.23 sec
      Start 10: community
 7/29 Test #10: community ........................   Passed    0.21 sec
      Start 26: phone
 8/29 Test #26: phone ............................   Passed    0.13 sec
      Start 19: adaptive
 9/29 Test #19: adaptive .........................   Passed    0.06 sec
      Start 25: civil_world
10/29 Test #25: civil_world ......................   Passed    0.04 sec
      Start 27: civil_social
11/29 Test #27: civil_social .....................   Passed    0.05 sec
      Start  6: cli_smoke
12/29 Test  #6: cli_smoke ........................   Passed    0.01 sec
      Start 20: self_behavior
13/29 Test #20: self_behavior ....................   Passed    0.00 sec
      Start  2: seed
14/29 Test  #2: seed .............................   Passed    0.00 sec
      Start 17: self_model
15/29 Test #17: self_model .......................   Passed    0.00 sec
      Start 28: cognition_contracts
16/29 Test #28: cognition_contracts ..............   Passed    0.00 sec
      Start  9: social_contracts
17/29 Test  #9: social_contracts .................   Passed    0.00 sec
      Start  3: mind
18/29 Test  #3: mind .............................   Passed    0.00 sec
      Start 29: numerical_examples
19/29 Test #29: numerical_examples ...............   Passed    0.00 sec
      Start 23: resources
20/29 Test #23: resources ........................   Passed    0.00 sec
      Start 24: civil_unit
21/29 Test #24: civil_unit .......................   Passed    0.00 sec
      Start  1: numeric
22/29 Test  #1: numeric ..........................   Passed    0.00 sec
      Start 11: community_unit
23/29 Test #11: community_unit ...................   Passed    0.00 sec
      Start 21: career
24/29 Test #21: career ...........................   Passed    0.00 sec
      Start 14: projects
25/29 Test #14: projects .........................   Passed    0.00 sec
      Start  5: cli_invalid_argument
26/29 Test  #5: cli_invalid_argument .............   Passed    0.00 sec
      Start 15: life_contracts
27/29 Test #15: life_contracts ...................   Passed    0.00 sec
28/29 Test #12: community_long ...................   Passed   12.58 sec
29/29 Test #16: life11_long ......................   Passed   37.53 sec

100% tests passed, 0 tests failed out of 29

Label Time Summary:
long    =  50.10 sec*proc (2 tests)

Total Test time (real) =  37.53 sec
