[  3%] Building CXX object cog_reference/CMakeFiles/contract_tests.dir/contract_tests.cpp.o
[  6%] Building CXX object CMakeFiles/life_core.dir/src/life/worker.cpp.o
[  9%] Linking CXX executable contract_tests
[  9%] Built target contract_tests
[ 12%] Building CXX object cog_reference/CMakeFiles/examples.dir/examples.cpp.o
[ 15%] Building CXX object CMakeFiles/life_core.dir/src/life/social.cpp.o
[ 18%] Linking CXX executable examples
[ 18%] Built target examples
[ 21%] Building CXX object CMakeFiles/life_core.dir/src/life/social_world.cpp.o
[ 25%] Building CXX object CMakeFiles/life_core.dir/src/life/social_diagnostics.cpp.o
[ 28%] Linking CXX static library liblife_core.a
[ 59%] Built target life_core
[ 65%] Building CXX object CMakeFiles/life_sim.dir/app/main.cpp.o
[ 65%] Building CXX object CMakeFiles/life_tests.dir/tests/main.cpp.o
[ 68%] Building CXX object CMakeFiles/life_tests.dir/tests/test_numeric.cpp.o
[ 71%] Building CXX object CMakeFiles/life_tests.dir/tests/test_seed.cpp.o
[ 75%] Building CXX object CMakeFiles/life_tests.dir/tests/test_mind.cpp.o
[ 78%] Linking CXX executable life_sim
[ 78%] Built target life_sim
[ 81%] Building CXX object CMakeFiles/cognitive_scenarios.dir/tools/cognitive_scenarios.cpp.o
[ 84%] Building CXX object CMakeFiles/life_tests.dir/tests/test_world.cpp.o
[ 87%] Linking CXX executable cognitive_scenarios
[ 87%] Built target cognitive_scenarios
[ 90%] Building CXX object CMakeFiles/life_tests.dir/tests/test_cognition.cpp.o
[ 93%] Building CXX object CMakeFiles/life_tests.dir/tests/test_social.cpp.o
[ 96%] Building CXX object CMakeFiles/life_tests.dir/tests/test_social_unit.cpp.o
[100%] Linking CXX executable life_tests
[100%] Built target life_tests
