[  3%] Building CXX object cog_reference/CMakeFiles/contract_tests.dir/contract_tests.cpp.o
[  7%] Building CXX object CMakeFiles/life_core.dir/src/life/numeric.cpp.o
[ 11%] Building CXX object CMakeFiles/life_core.dir/src/life/seed.cpp.o
[ 14%] Building CXX object CMakeFiles/life_core.dir/src/life/mind.cpp.o
[ 18%] Linking CXX executable contract_tests
[ 18%] Built target contract_tests
[ 22%] Building CXX object cog_reference/CMakeFiles/examples.dir/examples.cpp.o
[ 25%] Building CXX object CMakeFiles/life_core.dir/src/life/world.cpp.o
[ 29%] Linking CXX executable examples
[ 29%] Built target examples
[ 33%] Building CXX object CMakeFiles/life_core.dir/src/life/executor.cpp.o
[ 37%] Building CXX object CMakeFiles/life_core.dir/src/life/generation.cpp.o
[ 40%] Building CXX object CMakeFiles/life_core.dir/src/life/validation.cpp.o
[ 44%] Building CXX object CMakeFiles/life_core.dir/src/life/persistence.cpp.o
[ 48%] Building CXX object CMakeFiles/life_core.dir/src/life/cognition.cpp.o
[ 51%] Building CXX object CMakeFiles/life_core.dir/src/life/cognitive_world.cpp.o
[ 55%] Building CXX object CMakeFiles/life_core.dir/src/life/worker.cpp.o
[ 59%] Linking CXX static library liblife_core.a
[ 59%] Built target life_core
[ 62%] Building CXX object CMakeFiles/life_tests.dir/tests/main.cpp.o
[ 66%] Building CXX object CMakeFiles/life_sim.dir/app/main.cpp.o
[ 70%] Building CXX object CMakeFiles/life_tests.dir/tests/test_numeric.cpp.o
[ 74%] Building CXX object CMakeFiles/life_tests.dir/tests/test_seed.cpp.o
[ 77%] Linking CXX executable life_sim
[ 77%] Built target life_sim
[ 81%] Building CXX object CMakeFiles/cognitive_scenarios.dir/tools/cognitive_scenarios.cpp.o
[ 85%] Building CXX object CMakeFiles/life_tests.dir/tests/test_mind.cpp.o
[ 88%] Linking CXX executable cognitive_scenarios
[ 88%] Built target cognitive_scenarios
[ 92%] Building CXX object CMakeFiles/life_tests.dir/tests/test_world.cpp.o
[ 96%] Building CXX object CMakeFiles/life_tests.dir/tests/test_cognition.cpp.o
[100%] Linking CXX executable life_tests
[100%] Built target life_tests
