[  6%] Building CXX object cog_reference/CMakeFiles/contract_tests.dir/contract_tests.cpp.o
[  6%] Building CXX object CMakeFiles/life_core.dir/src/life/numeric.cpp.o
[  9%] Building CXX object CMakeFiles/life_core.dir/src/life/seed.cpp.o
[ 12%] Building CXX object CMakeFiles/life_core.dir/src/life/mind.cpp.o
[ 15%] Linking CXX executable contract_tests
[ 15%] Built target contract_tests
[ 18%] Building CXX object cog_reference/CMakeFiles/examples.dir/examples.cpp.o
[ 21%] Building CXX object CMakeFiles/life_core.dir/src/life/world.cpp.o
[ 25%] Linking CXX executable examples
[ 25%] Built target examples
[ 28%] Building CXX object CMakeFiles/life_core.dir/src/life/executor.cpp.o
[ 31%] Building CXX object CMakeFiles/life_core.dir/src/life/generation.cpp.o
[ 34%] Building CXX object CMakeFiles/life_core.dir/src/life/validation.cpp.o
[ 37%] Building CXX object CMakeFiles/life_core.dir/src/life/persistence.cpp.o
[ 40%] Building CXX object CMakeFiles/life_core.dir/src/life/cognition.cpp.o
[ 43%] Building CXX object CMakeFiles/life_core.dir/src/life/cognitive_world.cpp.o
[ 46%] Building CXX object CMakeFiles/life_core.dir/src/life/worker.cpp.o
[ 50%] Building CXX object CMakeFiles/life_core.dir/src/life/social.cpp.o
[ 53%] Building CXX object CMakeFiles/life_core.dir/src/life/social_world.cpp.o
[ 56%] Building CXX object CMakeFiles/life_core.dir/src/life/social_diagnostics.cpp.o
[ 59%] Linking CXX static library liblife_core.a
[ 59%] Built target life_core
[ 62%] Building CXX object CMakeFiles/life_tests.dir/tests/main.cpp.o
[ 65%] Building CXX object CMakeFiles/life_sim.dir/app/main.cpp.o
[ 68%] Building CXX object CMakeFiles/life_tests.dir/tests/test_numeric.cpp.o
[ 71%] Building CXX object CMakeFiles/life_tests.dir/tests/test_seed.cpp.o
[ 75%] Linking CXX executable life_sim
[ 78%] Building CXX object CMakeFiles/life_tests.dir/tests/test_mind.cpp.o
[ 78%] Built target life_sim
[ 81%] Building CXX object CMakeFiles/cognitive_scenarios.dir/tools/cognitive_scenarios.cpp.o
[ 84%] Building CXX object CMakeFiles/life_tests.dir/tests/test_world.cpp.o
[ 87%] Linking CXX executable cognitive_scenarios
[ 87%] Built target cognitive_scenarios
[ 90%] Building CXX object CMakeFiles/life_tests.dir/tests/test_cognition.cpp.o
[ 93%] Building CXX object CMakeFiles/life_tests.dir/tests/test_social.cpp.o
[ 96%] Building CXX object CMakeFiles/life_tests.dir/tests/test_social_unit.cpp.o
[100%] Linking CXX executable life_tests
[100%] Built target life_tests
