-- Configuring done (0.0s)
-- Generating done (0.0s)
-- Build files have been written to: /mnt/data/build09
[  6%] Built target contract_tests
[  9%] Building CXX object CMakeFiles/life_core.dir/src/life/world.cpp.o
[ 15%] Built target examples
[ 18%] Building CXX object CMakeFiles/life_core.dir/src/life/executor.cpp.o
[ 21%] Building CXX object CMakeFiles/life_core.dir/src/life/generation.cpp.o
[ 25%] Building CXX object CMakeFiles/life_core.dir/src/life/validation.cpp.o
[ 28%] Building CXX object CMakeFiles/life_core.dir/src/life/persistence.cpp.o
[ 31%] Building CXX object CMakeFiles/life_core.dir/src/life/cognition.cpp.o
[ 34%] Building CXX object CMakeFiles/life_core.dir/src/life/cognitive_world.cpp.o
[ 37%] Building CXX object CMakeFiles/life_core.dir/src/life/worker.cpp.o
[ 40%] Building CXX object CMakeFiles/life_core.dir/src/life/social_world.cpp.o
[ 43%] Building CXX object CMakeFiles/life_core.dir/src/life/social_diagnostics.cpp.o
[ 46%] Linking CXX static library liblife_core.a
[ 59%] Built target life_core
[ 62%] Building CXX object CMakeFiles/life_sim.dir/app/main.cpp.o
[ 65%] Building CXX object CMakeFiles/life_tests.dir/tests/test_cognition.cpp.o
[ 68%] Linking CXX executable life_sim
[ 68%] Built target life_sim
[ 71%] Building CXX object CMakeFiles/cognitive_scenarios.dir/tools/cognitive_scenarios.cpp.o
[ 75%] Linking CXX executable cognitive_scenarios
[ 75%] Built target cognitive_scenarios
[ 78%] Building CXX object CMakeFiles/life_tests.dir/tests/test_social.cpp.o
[ 81%] Building CXX object CMakeFiles/life_tests.dir/tests/test_social_unit.cpp.o
[ 84%] Building CXX object CMakeFiles/life_tests.dir/tests/test_world.cpp.o
[ 87%] Linking CXX executable life_tests
[100%] Built target life_tests
