[  6%] Built target contract_tests
[ 10%] Building CXX object CMakeFiles/life_core.dir/src/life/mind.cpp.o
[ 16%] Built target examples
[ 20%] Building CXX object CMakeFiles/life_core.dir/src/life/validation.cpp.o
[ 23%] Building CXX object CMakeFiles/life_core.dir/src/life/persistence.cpp.o
[ 26%] Building CXX object CMakeFiles/life_core.dir/src/life/cognition.cpp.o
[ 30%] Building CXX object CMakeFiles/life_core.dir/src/life/cognitive_world.cpp.o
[ 33%] Building CXX object CMakeFiles/life_core.dir/src/life/worker.cpp.o
In file included from /usr/include/c++/14/array:43,
                 from /mnt/data/dev09/my_life_deviation/include/life/numeric.hpp:2,
                 from /mnt/data/dev09/my_life_deviation/include/life/mind.hpp:2,
                 from /mnt/data/dev09/my_life_deviation/include/life/world.hpp:2,
                 from /mnt/data/dev09/my_life_deviation/src/life/cognitive_world.cpp:1:
In static member function 'static constexpr _Up* std::__copy_move<_IsMove, true, std::random_access_iterator_tag>::__copy_m(_Tp*, _Tp*, _Up*) [with _Tp = const unsigned int; _Up = unsigned int; bool _IsMove = false]',
    inlined from 'constexpr _OI std::__copy_move_a2(_II, _II, _OI) [with bool _IsMove = false; _II = const unsigned int*; _OI = unsigned int*]' at /usr/include/c++/14/bits/stl_algobase.h:521:30,
    inlined from 'constexpr _OI std::__copy_move_a1(_II, _II, _OI) [with bool _IsMove = false; _II = const unsigned int*; _OI = unsigned int*]' at /usr/include/c++/14/bits/stl_algobase.h:548:42,
    inlined from 'constexpr _OI std::__copy_move_a(_II, _II, _OI) [with bool _IsMove = false; _II = const unsigned int*; _OI = unsigned int*]' at /usr/include/c++/14/bits/stl_algobase.h:555:31,
    inlined from 'constexpr _OI std::copy(_II, _II, _OI) [with _II = const unsigned int*; _OI = unsigned int*]' at /usr/include/c++/14/bits/stl_algobase.h:651:7,
    inlined from 'static _ForwardIterator std::__uninitialized_copy<true>::__uninit_copy(_InputIterator, _InputIterator, _ForwardIterator) [with _InputIterator = const unsigned int*; _ForwardIterator = unsigned int*]' at /usr/include/c++/14/bits/stl_uninitialized.h:147:27,
    inlined from '_ForwardIterator std::uninitialized_copy(_InputIterator, _InputIterator, _ForwardIterator) [with _InputIterator = const unsigned int*; _ForwardIterator = unsigned int*]' at /usr/include/c++/14/bits/stl_uninitialized.h:185:15,
    inlined from 'constexpr _ForwardIterator std::__uninitialized_copy_a(_InputIterator, _InputIterator, _ForwardIterator, allocator<_Tp>&) [with _InputIterator = const unsigned int*; _ForwardIterator = unsigned int*; _Tp = unsigned int]' at /usr/include/c++/14/bits/stl_uninitialized.h:373:37,
    inlined from 'constexpr void std::vector<_Tp, _Alloc>::_M_assign_aux(_ForwardIterator, _ForwardIterator, std::forward_iterator_tag) [with _ForwardIterator = const unsigned int*; _Tp = unsigned int; _Alloc = std::allocator<unsigned int>]' at /usr/include/c++/14/bits/vector.tcc:352:35,
    inlined from 'constexpr std::vector<_Tp, _Alloc>& std::vector<_Tp, _Alloc>::operator=(std::initializer_list<_Tp>) [with _Tp = unsigned int; _Alloc = std::allocator<unsigned int>]' at /usr/include/c++/14/bits/stl_vector.h:790:21,
    inlined from 'void life::World::cognition_tick(life::Actor&)' at /mnt/data/dev09/my_life_deviation/src/life/cognitive_world.cpp:154:124:
/usr/include/c++/14/bits/stl_algobase.h:452:30: error: 'void* __builtin_memcpy(void*, const void*, long unsigned int)' forming offset 4 is out of the bounds [0, 4] of object '<anonymous>' with type 'const unsigned int [1]' [-Werror=array-bounds=]
  452 |             __builtin_memmove(__result, __first, sizeof(_Tp) * _Num);
      |             ~~~~~~~~~~~~~~~~~^~~~~~~~~~~~~~~~~~~~~~~~~~~~~~~~~~~~~~~
/mnt/data/dev09/my_life_deviation/src/life/cognitive_world.cpp: In member function 'void life::World::cognition_tick(life::Actor&)':
/mnt/data/dev09/my_life_deviation/src/life/cognitive_world.cpp:154:124: note: '<anonymous>' declared here
  154 |   c.alternatives=std::max(1,cap.alternatives);c.options.clear();c.best=Decision{};c.best.place=a.place;c.best.path={a.place};c.best_thought=0;
      |                                                                                                                            ^
In static member function 'static constexpr _Up* std::__copy_move<_IsMove, true, std::random_access_iterator_tag>::__copy_m(_Tp*, _Tp*, _Up*) [with _Tp = const unsigned int; _Up = unsigned int; bool _IsMove = false]',
    inlined from 'constexpr _OI std::__copy_move_a2(_II, _II, _OI) [with bool _IsMove = false; _II = const unsigned int*; _OI = unsigned int*]' at /usr/include/c++/14/bits/stl_algobase.h:521:30,
    inlined from 'constexpr _OI std::__copy_move_a1(_II, _II, _OI) [with bool _IsMove = false; _II = const unsigned int*; _OI = unsigned int*]' at /usr/include/c++/14/bits/stl_algobase.h:548:42,
    inlined from 'constexpr _OI std::__copy_move_a(_II, _II, _OI) [with bool _IsMove = false; _II = const unsigned int*; _OI = unsigned int*]' at /usr/include/c++/14/bits/stl_algobase.h:555:31,
    inlined from 'constexpr _OI std::copy(_II, _II, _OI) [with _II = const unsigned int*; _OI = unsigned int*]' at /usr/include/c++/14/bits/stl_algobase.h:651:7,
    inlined from 'static _ForwardIterator std::__uninitialized_copy<true>::__uninit_copy(_InputIterator, _InputIterator, _ForwardIterator) [with _InputIterator = const unsigned int*; _ForwardIterator = unsigned int*]' at /usr/include/c++/14/bits/stl_uninitialized.h:147:27,
    inlined from '_ForwardIterator std::uninitialized_copy(_InputIterator, _InputIterator, _ForwardIterator) [with _InputIterator = const unsigned int*; _ForwardIterator = unsigned int*]' at /usr/include/c++/14/bits/stl_uninitialized.h:185:15,
    inlined from 'constexpr _ForwardIterator std::__uninitialized_copy_a(_InputIterator, _InputIterator, _ForwardIterator, allocator<_Tp>&) [with _InputIterator = const unsigned int*; _ForwardIterator = unsigned int*; _Tp = unsigned int]' at /usr/include/c++/14/bits/stl_uninitialized.h:373:37,
    inlined from 'constexpr void std::vector<_Tp, _Alloc>::_M_assign_aux(_ForwardIterator, _ForwardIterator, std::forward_iterator_tag) [with _ForwardIterator = const unsigned int*; _Tp = unsigned int; _Alloc = std::allocator<unsigned int>]' at /usr/include/c++/14/bits/vector.tcc:352:35,
    inlined from 'constexpr std::vector<_Tp, _Alloc>& std::vector<_Tp, _Alloc>::operator=(std::initializer_list<_Tp>) [with _Tp = unsigned int; _Alloc = std::allocator<unsigned int>]' at /usr/include/c++/14/bits/stl_vector.h:790:21,
    inlined from 'void life::World::cognition_complete(life::Actor&, const life::Decision*)' at /mnt/data/dev09/my_life_deviation/src/life/cognitive_world.cpp:177:63:
/usr/include/c++/14/bits/stl_algobase.h:452:30: error: 'void* __builtin_memcpy(void*, const void*, long unsigned int)' forming offset 4 is out of the bounds [0, 4] of object '<anonymous>' with type 'const unsigned int [1]' [-Werror=array-bounds=]
  452 |             __builtin_memmove(__result, __first, sizeof(_Tp) * _Num);
      |             ~~~~~~~~~~~~~~~~~^~~~~~~~~~~~~~~~~~~~~~~~~~~~~~~~~~~~~~~
/mnt/data/dev09/my_life_deviation/src/life/cognitive_world.cpp: In member function 'void life::World::cognition_complete(life::Actor&, const life::Decision*)':
/mnt/data/dev09/my_life_deviation/src/life/cognitive_world.cpp:177:63: note: '<anonymous>' declared here
  177 |    c.best=Decision{};c.best.place=a.place;c.best.path={a.place};c.best_thought=0;
      |                                                               ^
cc1plus: all warnings being treated as errors
gmake[2]: *** [CMakeFiles/life_core.dir/build.make:205: CMakeFiles/life_core.dir/src/life/cognitive_world.cpp.o] Error 1
gmake[2]: *** Waiting for unfinished jobs....
gmake[1]: *** [CMakeFiles/Makefile2:121: CMakeFiles/life_core.dir/all] Error 2
gmake: *** [Makefile:101: all] Error 2
