PASS conversation_has_nested_content
PASS autonomous_friendly_touch_survives_personal_romance_norm
PASS same_gender_contact_is_possible_in_neutral_profile
PASS own_finite_norm_changes_autonomous_choice
PASS receiver_refusal_prevents_contact_effect
PASS private_receiver_norm_not_leaked_in_requester_forecast
PASS real_pleasantness_can_disagree_with_expected_pleasantness
PASS nested_interaction_does_not_cancel_parent_conversation
PASS proposal_cannot_complete_before_receiver_thinks
PASS consent_scope_cannot_be_replaced_with_another_action
PASS withdrawal_before_answer_has_no_completed_effect
FAIL stopped_parent_invalidates_pending_proposal: /mnt/data/dev09/my_life_deviation/tests/test_social.cpp:32: completions(w,Interaction::FriendlyTouch)==0
PASS process_pause_does_not_republish_old_result
PASS nested_save_before_answer_preserves_future
PASS nested_save_after_consent_preserves_future
PASS social_workers_preserve_exact_thoughts
PASS social_index_matches_reference
PASS social_logging_cannot_change_learning
PASS full_information_borrow_use_return_chain
PASS text_experience_unlocks_known_method_without_fake_practice
FAIL information_answer_comes_from_personal_memory_not_world_truth: /mnt/data/dev09/my_life_deviation/tests/test_social.cpp:41: belief&&belief->owner==2&&belief->origin==FactOrigin::Reported
PASS uninvolved_actor_does_not_receive_private_object_information
PASS high_honesty_norm_blocks_false_status_claim_not_physics
FAIL showing_previously_unknown_item_can_be_understood: /mnt/data/dev09/my_life_deviation/tests/test_social.cpp:44: completions(w,Interaction::ShowItem)==1
FAIL a_claim_is_a_report_not_a_change_in_ownership: /mnt/data/dev09/my_life_deviation/tests/test_social.cpp:45: memory&&memory->owner_status==Truth::Conflicting
FAIL learning_item_use_does_not_reveal_hidden_owner: /mnt/data/dev09/my_life_deviation/tests/test_social.cpp:49: w.state().actors[0].mind.social.item(2000)->owner_status==Truth::Unknown
RESULT 26 cases, 5 failures
