[  6%] Built target contract_tests
[ 10%] Building CXX object CMakeFiles/life_core.dir/src/life/cognitive_world.cpp.o
[ 16%] Built target examples
[ 20%] Building CXX object CMakeFiles/life_core.dir/src/life/social.cpp.o
/mnt/data/dev09/my_life_deviation/src/life/social.cpp: In function 'std::vector<life::SocialChoice> life::social_choices(const SocialView&)':
/mnt/data/dev09/my_life_deviation/src/life/social.cpp:168:5: error: this 'if' clause does not guard... [-Werror=misleading-indentation]
  168 |     if(out.size()>8)out.resize(8);return out;
      |     ^~
/mnt/data/dev09/my_life_deviation/src/life/social.cpp:168:35: note: ...this statement, but the latter is misleadingly indented as if it were guarded by the 'if'
  168 |     if(out.size()>8)out.resize(8);return out;
      |                                   ^~~~~~
/mnt/data/dev09/my_life_deviation/src/life/social.cpp: In function 'void life::validate_social_memory(const SocialMemory&)':
/mnt/data/dev09/my_life_deviation/src/life/social.cpp:173:5: error: this 'for' clause does not guard... [-Werror=misleading-indentation]
  173 |     for(auto x:m.norms)require_range(x,0,1);for(auto x:m.expected_attraction)require_range(x,0,1);
      |     ^~~
/mnt/data/dev09/my_life_deviation/src/life/social.cpp:173:45: note: ...this statement, but the latter is misleadingly indented as if it were guarded by the 'for'
  173 |     for(auto x:m.norms)require_range(x,0,1);for(auto x:m.expected_attraction)require_range(x,0,1);
      |                                             ^~~
cc1plus: all warnings being treated as errors
gmake[2]: *** [CMakeFiles/life_core.dir/build.make:233: CMakeFiles/life_core.dir/src/life/social.cpp.o] Error 1
gmake[2]: *** Waiting for unfinished jobs....
gmake[1]: *** [CMakeFiles/Makefile2:121: CMakeFiles/life_core.dir/all] Error 2
gmake: *** [Makefile:101: all] Error 2
