PASS knowing_reward_is_not_an_experienced_reward
PASS unknown_social_method_not_a_candidate
PASS pleasant_but_personally_disapproved_stays_pleasant_in_forecast
PASS no_universal_same_gender_prohibition
PASS friendly_is_not_romantic
PASS no_attraction_is_distinct_from_moral_penalty
PASS known_audience_changes_public_evaluation_only
PASS accept_is_not_completed_pleasure
PASS experienced_negative_result_teaches_from_zero
PASS repeated_result_not_a_second_experience
PASS refusal_context_not_spread_to_all_methods
PASS own_decline_is_not_the_others_rejection
PASS repeated_request_after_explicit_boundary_creates_pressure
PASS busy_does_not_create_personal_boundary
PASS later_attempt_does_not_erase_old_learning
PASS unknown_owner_stays_unknown_after_unknown_report
PASS ownership_is_reported_not_physically_certified
PASS contradictory_reports_preserve_both_sources
PASS repeat_report_same_source_not_duplicated
PASS agreement_updates_holder_without_changing_owner
PASS claimed_ownership_has_finite_honesty_cost
PASS truthful_showing_borrowed_item_is_not_lying
PASS status_motive_changes_item_value
PASS observed_disapproval_changes_status_prediction
PASS reading_teaches_content_not_actual_contact_reward
PASS unknown_object_not_given_free_plan
PASS unknown_gender_not_assigned_matching_norm
PASS malformed_social_values_rejected
PASS forecast_repetitions_do_not_modify_memory
PASS object_goal_can_make_question_valuable_without_social_deficit
PASS receiver_does_not_own_the_speakers_claim
PASS ordinary_conversation_considers_multiple_known_people
PASS own_promise_norm_changes_return_motivation
PASS observed_thing_is_not_proof_of_ownership
PASS canceled_delivery_does_not_learn_unobserved_pleasure
FAIL object_use_forecast_changes_from_its_own_experience: /mnt/data/dev09/my_life_deviation/tests/test_social_unit.cpp:47: b.pleasure<a.pleasure&&b.score<a.score
FAIL contextual_romantic_experience_is_not_multiplied_by_preference_twice: /mnt/data/dev09/my_life_deviation/tests/test_social_unit.cpp:48: b.pleasure>.2
RESULT 37 cases, 2 failures
