[  1%] Building CXX object cog_reference/CMakeFiles/examples.dir/examples.cpp.o
[  2%] Building CXX object cog_reference/CMakeFiles/contract_tests.dir/contract_tests.cpp.o
[  4%] Building CXX object CMakeFiles/life_core.dir/src/life/resources.cpp.o
[  5%] Building CXX object CMakeFiles/life_core.dir/src/life/civil.cpp.o
[  7%] Building CXX object CMakeFiles/life_core.dir/src/life/civil_world.cpp.o
[  8%] Linking CXX executable examples
[  8%] Built target examples
[  9%] Building CXX object CMakeFiles/life_core.dir/src/life/civil_social_world.cpp.o
[ 11%] Building CXX object CMakeFiles/life_core.dir/src/life/phone_world.cpp.o
[ 12%] Linking CXX executable contract_tests
[ 12%] Built target contract_tests
[ 14%] Building CXX object CMakeFiles/life_core.dir/src/life/career.cpp.o
[ 15%] Building CXX object CMakeFiles/life_core.dir/src/life/career_world.cpp.o
[ 16%] Building CXX object CMakeFiles/life_core.dir/src/life/deliberation.cpp.o
[ 18%] Building CXX object CMakeFiles/life_core.dir/src/life/self_model.cpp.o
[ 19%] Building CXX object CMakeFiles/life_core.dir/src/life/experience.cpp.o
[ 21%] Building CXX object CMakeFiles/life_core.dir/src/life/cognitive_self_world.cpp.o
[ 22%] Building CXX object CMakeFiles/life_core.dir/src/life/numeric.cpp.o
[ 23%] Building CXX object CMakeFiles/life_core.dir/src/life/seed.cpp.o
[ 25%] Building CXX object CMakeFiles/life_core.dir/src/life/mind.cpp.o
[ 26%] Building CXX object CMakeFiles/life_core.dir/src/life/world.cpp.o
[ 28%] Building CXX object CMakeFiles/life_core.dir/src/life/executor.cpp.o
[ 29%] Building CXX object CMakeFiles/life_core.dir/src/life/generation.cpp.o
[ 30%] Building CXX object CMakeFiles/life_core.dir/src/life/validation.cpp.o
[ 32%] Building CXX object CMakeFiles/life_core.dir/src/life/persistence.cpp.o
[ 33%] Building CXX object CMakeFiles/life_core.dir/src/life/cognition.cpp.o
[ 35%] Building CXX object CMakeFiles/life_core.dir/src/life/cognitive_world.cpp.o
[ 36%] Building CXX object CMakeFiles/life_core.dir/src/life/worker.cpp.o
[ 38%] Building CXX object CMakeFiles/life_core.dir/src/life/social.cpp.o
[ 39%] Building CXX object CMakeFiles/life_core.dir/src/life/social_world.cpp.o
[ 40%] Building CXX object CMakeFiles/life_core.dir/src/life/social_diagnostics.cpp.o
[ 42%] Building CXX object CMakeFiles/life_core.dir/src/life/community.cpp.o
[ 43%] Building CXX object CMakeFiles/life_core.dir/src/life/community_world.cpp.o
[ 45%] Building CXX object CMakeFiles/life_core.dir/src/life/projects.cpp.o
[ 46%] Building CXX object CMakeFiles/life_core.dir/src/life/activity_resources.cpp.o
[ 47%] Building CXX object CMakeFiles/life_core.dir/src/life/employment.cpp.o
[ 49%] Building CXX object CMakeFiles/life_core.dir/src/life/project_world.cpp.o
[ 50%] Building CXX object CMakeFiles/life_core.dir/src/life/parallel_world.cpp.o
[ 52%] Building CXX object CMakeFiles/life_core.dir/src/life/employment_world.cpp.o
[ 53%] Linking CXX static library liblife_core.a
[ 53%] Built target life_core
[ 54%] Building CXX object CMakeFiles/life_sim.dir/app/main.cpp.o
[ 56%] Building CXX object CMakeFiles/life_tests.dir/tests/main.cpp.o
[ 57%] Building CXX object CMakeFiles/cognitive_scenarios.dir/tools/cognitive_scenarios.cpp.o
[ 59%] Building CXX object CMakeFiles/life_tests.dir/tests/test_numeric.cpp.o
[ 60%] Linking CXX executable cognitive_scenarios
[ 61%] Building CXX object CMakeFiles/life_tests.dir/tests/test_seed.cpp.o
[ 61%] Built target cognitive_scenarios
[ 63%] Building CXX object CMakeFiles/community_scenarios.dir/tools/community_scenarios.cpp.o
[ 64%] Building CXX object CMakeFiles/life_tests.dir/tests/test_mind.cpp.o
[ 66%] Linking CXX executable life_sim
[ 66%] Built target life_sim
[ 67%] Building CXX object CMakeFiles/self_behavior_scenario.dir/tools/self_behavior_scenario.cpp.o
[ 69%] Linking CXX executable community_scenarios
[ 69%] Built target community_scenarios
[ 70%] Building CXX object CMakeFiles/life_tests.dir/tests/test_world.cpp.o
[ 71%] Linking CXX executable self_behavior_scenario
[ 73%] Building CXX object CMakeFiles/diagnose_actor.dir/tools/diagnose_actor.cpp.o
[ 73%] Built target self_behavior_scenario
[ 74%] Building CXX object CMakeFiles/life_tests.dir/tests/test_cognition.cpp.o
[ 76%] Linking CXX executable diagnose_actor
[ 76%] Built target diagnose_actor
[ 77%] Building CXX object CMakeFiles/life_tests.dir/tests/test_social.cpp.o
[ 78%] Building CXX object CMakeFiles/life_tests.dir/tests/test_social_unit.cpp.o
[ 80%] Building CXX object CMakeFiles/life_tests.dir/tests/test_community.cpp.o
[ 81%] Building CXX object CMakeFiles/life_tests.dir/tests/test_life11.cpp.o
[ 83%] Building CXX object CMakeFiles/life_tests.dir/tests/test_projects.cpp.o
[ 84%] Building CXX object CMakeFiles/life_tests.dir/tests/test_life_contracts.cpp.o
[ 85%] Building CXX object CMakeFiles/life_tests.dir/tests/test_self_model.cpp.o
[ 87%] Building CXX object CMakeFiles/life_tests.dir/tests/test_self_runtime.cpp.o
[ 88%] Building CXX object CMakeFiles/life_tests.dir/tests/test_adaptive.cpp.o
[ 90%] Building CXX object CMakeFiles/life_tests.dir/tests/test_career.cpp.o
[ 91%] Building CXX object CMakeFiles/life_tests.dir/tests/test_career_runtime.cpp.o
[ 92%] Building CXX object CMakeFiles/life_tests.dir/tests/test_resources.cpp.o
[ 94%] Building CXX object CMakeFiles/life_tests.dir/tests/test_civil_unit.cpp.o
[ 95%] Building CXX object CMakeFiles/life_tests.dir/tests/test_civil_world.cpp.o
[ 97%] Building CXX object CMakeFiles/life_tests.dir/tests/test_phone.cpp.o
[ 98%] Building CXX object CMakeFiles/life_tests.dir/tests/test_civil_social.cpp.o
[100%] Linking CXX executable life_tests
[100%] Built target life_tests
